Component: ARM Compiler 5.06 update 6 (build 750) Tool: armlink [4d35ed]

==============================================================================

Section Cross References

    startup_stm32f10x_hd.o(RESET) refers to startup_stm32f10x_hd.o(STACK) for __initial_sp
    startup_stm32f10x_hd.o(RESET) refers to startup_stm32f10x_hd.o(.text) for Reset_Handler
    startup_stm32f10x_hd.o(RESET) refers to context_rvds.o(.text) for HardFault_Handler
    startup_stm32f10x_hd.o(RESET) refers to board.o(.text) for SysTick_Handler
    startup_stm32f10x_hd.o(RESET) refers to stm32f10x_it.o(.text) for EXTI1_IRQHandler
    startup_stm32f10x_hd.o(RESET) refers to bsp_usart.o(.text) for USART1_IRQHandler
    startup_stm32f10x_hd.o(RESET) refers to usart2.o(.text) for USART2_IRQHandler
    startup_stm32f10x_hd.o(RESET) refers to g4.o(.text) for USART3_IRQHandler
    startup_stm32f10x_hd.o(RESET) refers to timer.o(.text) for TIM7_IRQHandler
    startup_stm32f10x_hd.o(.text) refers to system_stm32f10x.o(.text) for SystemInit
    startup_stm32f10x_hd.o(.text) refers to entry.o(.ARM.Collect$$$$00000000) for __main
    system_stm32f10x.o(.text) refers to system_stm32f10x.o(.data) for .data
    stm32f10x_adc.o(.text) refers to stm32f10x_rcc.o(.text) for RCC_APB2PeriphResetCmd
    stm32f10x_bkp.o(.text) refers to stm32f10x_rcc.o(.text) for RCC_BackupResetCmd
    stm32f10x_can.o(.text) refers to stm32f10x_rcc.o(.text) for RCC_APB1PeriphResetCmd
    stm32f10x_cec.o(.text) refers to stm32f10x_rcc.o(.text) for RCC_APB1PeriphResetCmd
    stm32f10x_dac.o(.text) refers to stm32f10x_rcc.o(.text) for RCC_APB1PeriphResetCmd
    stm32f10x_gpio.o(.text) refers to stm32f10x_rcc.o(.text) for RCC_APB2PeriphResetCmd
    stm32f10x_i2c.o(.text) refers to stm32f10x_rcc.o(.text) for RCC_APB1PeriphResetCmd
    stm32f10x_pwr.o(.text) refers to stm32f10x_rcc.o(.text) for RCC_APB1PeriphResetCmd
    stm32f10x_rcc.o(.text) refers to stm32f10x_rcc.o(.data) for .data
    stm32f10x_spi.o(.text) refers to stm32f10x_rcc.o(.text) for RCC_APB2PeriphResetCmd
    stm32f10x_tim.o(.text) refers to stm32f10x_rcc.o(.text) for RCC_APB2PeriphResetCmd
    stm32f10x_usart.o(.text) refers to stm32f10x_rcc.o(.text) for RCC_APB2PeriphResetCmd
    stm32f10x_wwdg.o(.text) refers to stm32f10x_rcc.o(.text) for RCC_APB1PeriphResetCmd
    board.o(.text) refers to bsp_led.o(.text) for LED_GPIO_Config
    board.o(.text) refers to bsp_usart.o(.text) for USART_Config
    board.o(.text) refers to bsp_key.o(.text) for Key_GPIO_Config
    board.o(.text) refers to key.o(.text) for Key_Config
    board.o(.text) refers to beep.o(.text) for BEEP_Init
    board.o(.text) refers to g4.o(.text) for G4_USART_Config
    board.o(.text) refers to relay.o(.text) for RELAY_Init
    board.o(.text) refers to misc.o(.text) for NVIC_PriorityGroupConfig
    board.o(.text) refers to usart2.o(.text) for usart2_init
    board.o(.text) refers to as608.o(.text) for PS_StaGPIO_Init
    board.o(.text) refers to components.o(.text) for rt_components_board_init
    board.o(.text) refers to mem.o(.text) for rt_system_heap_init
    board.o(.text) refers to irq.o(.text) for rt_interrupt_enter
    board.o(.text) refers to clock.o(.text) for rt_tick_increase
    board.o(.text) refers to scheduler.o(.text) for rt_enter_critical
    board.o(.text) refers to stm32f10x_usart.o(.text) for USART_SendData
    board.o(.text) refers to board.o(.bss) for .bss
    board.o(.text) refers to system_stm32f10x.o(.data) for SystemCoreClock
    main.o(.text) refers to ipc.o(.text) for rt_mq_create
    main.o(.text) refers to kservice.o(.text) for rt_kprintf
    main.o(.text) refers to thread.o(.text) for rt_thread_create
    main.o(.text) refers to newweb.o(.data) for webmsg_sendmq
    main.o(.text) refers to newweb.o(.text) for newwebconnect_entry
    main.o(.text) refers to newweb.o(.data) for webmsgsend_th
    main.o(.text) refers to newweb.o(.data) for webmsgrece_th
    main.o(.text) refers to open.o(.text) for FRopen_entry
    main.o(.text) refers to open.o(.data) for FRopen_thread
    main.o(.text) refers to open.o(.data) for codeOpen_thread
    stm32f10x_it.o(.text) refers to stm32f10x_exti.o(.text) for EXTI_GetITStatus
    stm32f10x_it.o(.text) refers to kservice.o(.text) for rt_kprintf
    stm32f10x_it.o(.text) refers to g4.o(.text) for G4_SetLIKAPin
    stm32f10x_it.o(.text) refers to ipc.o(.text) for rt_mq_send
    stm32f10x_it.o(.text) refers to newweb.o(.data) for conn_flag
    bsp_led.o(.text) refers to stm32f10x_rcc.o(.text) for RCC_APB2PeriphClockCmd
    bsp_led.o(.text) refers to stm32f10x_gpio.o(.text) for GPIO_Init
    bsp_usart.o(.text) refers to misc.o(.text) for NVIC_PriorityGroupConfig
    bsp_usart.o(.text) refers to stm32f10x_rcc.o(.text) for RCC_APB2PeriphClockCmd
    bsp_usart.o(.text) refers to stm32f10x_gpio.o(.text) for GPIO_Init
    bsp_usart.o(.text) refers to stm32f10x_usart.o(.text) for USART_Init
    bsp_usart.o(.text) refers to bsp_usart.o(.data) for .data
[...]
    USB_HP_CAN1_TX_IRQHandler                0x0800015f   Thumb Code     0  startup_stm32f10x_hd.o(.text)
    USB_LP_CAN1_RX0_IRQHandler               0x0800015f   Thumb Code     0  startup_stm32f10x_hd.o(.text)
    WWDG_IRQHandler                          0x0800015f   Thumb Code     0  startup_stm32f10x_hd.o(.text)
    SystemInit                               0x08000211   Thumb Code    64  system_stm32f10x.o(.text)
    SystemCoreClockUpdate                    0x08000251   Thumb Code   106  system_stm32f10x.o(.text)
    NVIC_PriorityGroupConfig                 0x080002dd   Thumb Code    10  misc.o(.text)
    NVIC_Init                                0x080002e7   Thumb Code    96  misc.o(.text)
    NVIC_SetVectorTable                      0x08000347   Thumb Code    14  misc.o(.text)
    NVIC_SystemLPConfig                      0x08000355   Thumb Code    24  misc.o(.text)
    SysTick_CLKSourceConfig                  0x0800036d   Thumb Code    28  misc.o(.text)
    EXTI_DeInit                              0x08000395   Thumb Code    28  stm32f10x_exti.o(.text)
    EXTI_Init                                0x080003b1   Thumb Code   110  stm32f10x_exti.o(.text)
    EXTI_StructInit                          0x0800041f   Thumb Code    14  stm32f10x_exti.o(.text)
    EXTI_GenerateSWInterrupt                 0x0800042d   Thumb Code    12  stm32f10x_exti.o(.text)
    EXTI_GetFlagStatus                       0x08000439   Thumb Code    18  stm32f10x_exti.o(.text)
    EXTI_ClearFlag                           0x0800044b   Thumb Code     8  stm32f10x_exti.o(.text)
    EXTI_GetITStatus                         0x08000453   Thumb Code    28  stm32f10x_exti.o(.text)
    EXTI_ClearITPendingBit                   0x0800046f   Thumb Code     8  stm32f10x_exti.o(.text)
    GPIO_DeInit                              0x08000481   Thumb Code   188  stm32f10x_gpio.o(.text)
    GPIO_AFIODeInit                          0x0800053d   Thumb Code    22  stm32f10x_gpio.o(.text)
    GPIO_Init                                0x08000553   Thumb Code   166  stm32f10x_gpio.o(.text)
    GPIO_StructInit                          0x080005f9   Thumb Code    16  stm32f10x_gpio.o(.text)
    GPIO_ReadInputDataBit                    0x08000609   Thumb Code    14  stm32f10x_gpio.o(.text)
    GPIO_ReadInputData                       0x08000617   Thumb Code     6  stm32f10x_gpio.o(.text)
    GPIO_ReadOutputDataBit                   0x0800061d   Thumb Code    14  stm32f10x_gpio.o(.text)
    GPIO_ReadOutputData                      0x0800062b   Thumb Code     6  stm32f10x_gpio.o(.text)
    GPIO_SetBits                             0x08000631   Thumb Code     4  stm32f10x_gpio.o(.text)
    GPIO_ResetBits                           0x08000635   Thumb Code     4  stm32f10x_gpio.o(.text)
    GPIO_WriteBit                            0x08000639   Thumb Code    12  stm32f10x_gpio.o(.text)
    GPIO_Write                               0x08000645   Thumb Code     4  stm32f10x_gpio.o(.text)
    GPIO_PinLockConfig                       0x08000649   Thumb Code    16  stm32f10x_gpio.o(.text)
    GPIO_EventOutputConfig                   0x08000659   Thumb Code    22  stm32f10x_gpio.o(.text)
    GPIO_EventOutputCmd                      0x0800066f   Thumb Code     6  stm32f10x_gpio.o(.text)
    GPIO_PinRemapConfig                      0x08000675   Thumb Code    86  stm32f10x_gpio.o(.text)
    GPIO_EXTILineConfig                      0x080006cb   Thumb Code    34  stm32f10x_gpio.o(.text)
    GPIO_ETH_MediaInterfaceConfig            0x080006ed   Thumb Code     8  stm32f10x_gpio.o(.text)
    RCC_DeInit                               0x08000719   Thumb Code    50  stm32f10x_rcc.o(.text)
    RCC_HSEConfig                            0x0800074b   Thumb Code    50  stm32f10x_rcc.o(.text)
    RCC_GetFlagStatus                        0x0800077d   Thumb Code    42  stm32f10x_rcc.o(.text)
    RCC_WaitForHSEStartUp                    0x080007a7   Thumb Code    48  stm32f10x_rcc.o(.text)
    RCC_AdjustHSICalibrationValue            0x080007d7   Thumb Code    16  stm32f10x_rcc.o(.text)
    RCC_HSICmd                               0x080007e7   Thumb Code     6  stm32f10x_rcc.o(.text)
    RCC_PLLConfig                            0x080007ed   Thumb Code    16  stm32f10x_rcc.o(.text)
    RCC_PLLCmd                               0x080007fd   Thumb Code     6  stm32f10x_rcc.o(.text)
    RCC_SYSCLKConfig                         0x08000803   Thumb Code    14  stm32f10x_rcc.o(.text)
    RCC_GetSYSCLKSource                      0x08000811   Thumb Code    10  stm32f10x_rcc.o(.text)
    RCC_HCLKConfig                           0x0800081b   Thumb Code    14  stm32f10x_rcc.o(.text)
    RCC_PCLK1Config                          0x08000829   Thumb Code    14  stm32f10x_rcc.o(.text)
    RCC_PCLK2Config                          0x08000837   Thumb Code    16  stm32f10x_rcc.o(.text)
    RCC_ITConfig                             0x08000847   Thumb Code    22  stm32f10x_rcc.o(.text)
    RCC_USBCLKConfig                         0x0800085d   Thumb Code     8  stm32f10x_rcc.o(.text)
    RCC_ADCCLKConfig                         0x08000865   Thumb Code    14  stm32f10x_rcc.o(.text)
    RCC_LSEConfig                            0x08000873   Thumb Code    36  stm32f10x_rcc.o(.text)
    RCC_LSICmd                               0x08000897   Thumb Code     6  stm32f10x_rcc.o(.text)
    RCC_RTCCLKConfig                         0x0800089d   Thumb Code    10  stm32f10x_rcc.o(.text)
    RCC_RTCCLKCmd                            0x080008a7   Thumb Code     8  stm32f10x_rcc.o(.text)
    RCC_GetClocksFreq                        0x080008af   Thumb Code   154  stm32f10x_rcc.o(.text)
    RCC_AHBPeriphClockCmd                    0x08000949   Thumb Code    22  stm32f10x_rcc.o(.text)
    RCC_APB2PeriphClockCmd                   0x0800095f   Thumb Code    22  stm32f10x_rcc.o(.text)
    RCC_APB1PeriphClockCmd                   0x08000975   Thumb Code    22  stm32f10x_rcc.o(.text)
    RCC_APB2PeriphResetCmd                   0x0800098b   Thumb Code    22  stm32f10x_rcc.o(.text)
    RCC_APB1PeriphResetCmd                   0x080009a1   Thumb Code    22  stm32f10x_rcc.o(.text)
    RCC_BackupResetCmd                       0x080009b7   Thumb Code     8  stm32f10x_rcc.o(.text)
    RCC_ClockSecuritySystemCmd               0x080009bf   Thumb Code     6  stm32f10x_rcc.o(.text)
    RCC_MCOConfig                            0x080009c5   Thumb Code     6  stm32f10x_rcc.o(.text)
    RCC_ClearFlag                            0x080009cb   Thumb Code    12  stm32f10x_rcc.o(.text)
    RCC_GetITStatus                          0x080009d7   Thumb Code    16  stm32f10x_rcc.o(.text)
    RCC_ClearITPendingBit                    0x080009e7   Thumb Code     6  stm32f10x_rcc.o(.text)
    SPI_I2S_DeInit                           0x08000a0d   Thumb Code    88  stm32f10x_spi.o(.text)
    SPI_Init                                 0x08000a65   Thumb Code    56  stm32f10x_spi.o(.text)
    I2S_Init                                 0x08000a9d   Thumb Code   168  stm32f10x_spi.o(.text)
    SPI_StructInit                           0x08000b45   Thumb Code    24  stm32f10x_spi.o(.text)
    I2S_StructInit                           0x08000b5d   Thumb Code    18  stm32f10x_spi.o(.text)
    SPI_Cmd                                  0x08000b6f   Thumb Code    24  stm32f10x_spi.o(.text)
    I2S_Cmd                                  0x08000b87   Thumb Code    24  stm32f10x_spi.o(.text)
    SPI_I2S_ITConfig                         0x08000b9f   Thumb Code    28  stm32f10x_spi.o(.text)
    SPI_I2S_DMACmd                           0x08000bbb   Thumb Code    20  stm32f10x_spi.o(.text)
    SPI_I2S_SendData                         0x08000bcf   Thumb Code     4  stm32f10x_spi.o(.text)
    SPI_I2S_ReceiveData                      0x08000bd3   Thumb Code     4  stm32f10x_spi.o(.text)
    SPI_NSSInternalSoftwareConfig            0x08000bd7   Thumb Code    28  stm32f10x_spi.o(.text)
    SPI_SSOutputCmd                          0x08000bf3   Thumb Code    24  stm32f10x_spi.o(.text)
    SPI_DataSizeConfig                       0x08000c0b   Thumb Code    16  stm32f10x_spi.o(.text)
    SPI_TransmitCRC                          0x08000c1b   Thumb Code    10  stm32f10x_spi.o(.text)
    SPI_CalculateCRC                         0x08000c25   Thumb Code    24  stm32f10x_spi.o(.text)
    SPI_GetCRC                               0x08000c3d   Thumb Code    12  stm32f10x_spi.o(.text)
    SPI_GetCRCPolynomial                     0x08000c49   Thumb Code     4  stm32f10x_spi.o(.text)
    SPI_BiDirectionalLineConfig              0x08000c4d   Thumb Code    26  stm32f10x_spi.o(.text)
    SPI_I2S_GetFlagStatus                    0x08000c67   Thumb Code    14  stm32f10x_spi.o(.text)
    SPI_I2S_ClearFlag                        0x08000c75   Thumb Code     6  stm32f10x_spi.o(.text)
    SPI_I2S_GetITStatus                      0x08000c7b   Thumb Code    44  stm32f10x_spi.o(.text)
    SPI_I2S_ClearITPendingBit                0x08000ca7   Thumb Code    14  stm32f10x_spi.o(.text)
    TIM_DeInit                               0x08000cc1   Thumb Code   464  stm32f10x_tim.o(.text)
    TIM_TimeBaseInit                         0x08000e91   Thumb Code   114  stm32f10x_tim.o(.text)
    TIM_OC1Init                              0x08000f03   Thumb Code   114  stm32f10x_tim.o(.text)
    TIM_OC2Init                              0x08000f75   Thumb Code   128  stm32f10x_tim.o(.text)
    TIM_OC3Init                              0x08000ff5   Thumb Code   124  stm32f10x_tim.o(.text)
    TIM_OC4Init                              0x08001071   Thumb Code   160  stm32f10x_tim.o(.text)
    TIM_SetIC4Prescaler                      0x08001111   Thumb Code    24  stm32f10x_tim.o(.text)
    TIM_SetIC3Prescaler                      0x0800118f   Thumb Code    16  stm32f10x_tim.o(.text)
    TIM_SetIC2Prescaler                      0x08001201   Thumb Code    24  stm32f10x_tim.o(.text)
    TIM_SetIC1Prescaler                      0x0800127f   Thumb Code    16  stm32f10x_tim.o(.text)
    TIM_ICInit                               0x080012ed   Thumb Code   114  stm32f10x_tim.o(.text)
    TIM_PWMIConfig                           0x0800135f   Thumb Code   106  stm32f10x_tim.o(.text)
    TIM_BDTRConfig                           0x080013c9   Thumb Code    34  stm32f10x_tim.o(.text)
    TIM_TimeBaseStructInit                   0x080013eb   Thumb Code    18  stm32f10x_tim.o(.text)
    TIM_OCStructInit                         0x080013fd   Thumb Code    20  stm32f10x_tim.o(.text)
    TIM_ICStructInit                         0x08001411   Thumb Code    16  stm32f10x_tim.o(.text)
    TIM_BDTRStructInit                       0x08001421   Thumb Code    18  stm32f10x_tim.o(.text)
    TIM_Cmd                                  0x08001433   Thumb Code    24  stm32f10x_tim.o(.text)
    TIM_CtrlPWMOutputs                       0x0800144b   Thumb Code    28  stm32f10x_tim.o(.text)
    TIM_ITConfig                             0x08001467   Thumb Code    20  stm32f10x_tim.o(.text)
    TIM_GenerateEvent                        0x0800147b   Thumb Code     4  stm32f10x_tim.o(.text)
    TIM_DMAConfig                            0x0800147f   Thumb Code     8  stm32f10x_tim.o(.text)
    TIM_DMACmd                               0x08001487   Thumb Code    20  stm32f10x_tim.o(.text)
    TIM_InternalClockConfig                  0x0800149b   Thumb Code    10  stm32f10x_tim.o(.text)
    TIM_SelectInputTrigger                   0x080014a5   Thumb Code    12  stm32f10x_tim.o(.text)
    TIM_ITRxExternalClockConfig              0x080014b1   Thumb Code    20  stm32f10x_tim.o(.text)
    TIM_TIxExternalClockConfig               0x080014c5   Thumb Code    48  stm32f10x_tim.o(.text)
    TIM_ETRConfig                            0x080014f5   Thumb Code    24  stm32f10x_tim.o(.text)
    TIM_ETRClockMode1Config                  0x0800150d   Thumb Code    52  stm32f10x_tim.o(.text)
    TIM_ETRClockMode2Config                  0x08001541   Thumb Code    20  stm32f10x_tim.o(.text)
    TIM_PrescalerConfig                      0x08001555   Thumb Code     6  stm32f10x_tim.o(.text)
    TIM_CounterModeConfig                    0x0800155b   Thumb Code    12  stm32f10x_tim.o(.text)
    TIM_EncoderInterfaceConfig               0x08001567   Thumb Code    50  stm32f10x_tim.o(.text)
    TIM_ForcedOC1Config                      0x08001599   Thumb Code    12  stm32f10x_tim.o(.text)
    TIM_ForcedOC2Config                      0x080015a5   Thumb Code    20  stm32f10x_tim.o(.text)
    TIM_ForcedOC3Config                      0x080015b9   Thumb Code    12  stm32f10x_tim.o(.text)
    TIM_ForcedOC4Config                      0x080015c5   Thumb Code    20  stm32f10x_tim.o(.text)
    TIM_ARRPreloadConfig                     0x080015d9   Thumb Code    24  stm32f10x_tim.o(.text)
    TIM_SelectCOM                            0x080015f1   Thumb Code    24  stm32f10x_tim.o(.text)
    TIM_SelectCCDMA                          0x08001609   Thumb Code    24  stm32f10x_tim.o(.text)
    TIM_CCPreloadControl                     0x08001621   Thumb Code    24  stm32f10x_tim.o(.text)
    TIM_OC1PreloadConfig                     0x08001639   Thumb Code    12  stm32f10x_tim.o(.text)
    TIM_OC2PreloadConfig                     0x08001645   Thumb Code    20  stm32f10x_tim.o(.text)
    TIM_OC3PreloadConfig                     0x08001659   Thumb Code    12  stm32f10x_tim.o(.text)
    TIM_OC4PreloadConfig                     0x08001665   Thumb Code    20  stm32f10x_tim.o(.text)
    TIM_OC1FastConfig                        0x08001679   Thumb Code    12  stm32f10x_tim.o(.text)
    TIM_OC2FastConfig                        0x08001685   Thumb Code    20  stm32f10x_tim.o(.text)
    TIM_OC3FastConfig                        0x08001699   Thumb Code    12  stm32f10x_tim.o(.text)
    TIM_OC4FastConfig                        0x080016a5   Thumb Code    20  stm32f10x_tim.o(.text)
    TIM_ClearOC1Ref                          0x080016b9   Thumb Code    12  stm32f10x_tim.o(.text)
    TIM_ClearOC2Ref                          0x080016c5   Thumb Code    20  stm32f10x_tim.o(.text)
    TIM_ClearOC3Ref                          0x080016d9   Thumb Code    12  stm32f10x_tim.o(.text)
    TIM_ClearOC4Ref                          0x080016e5   Thumb Code    20  stm32f10x_tim.o(.text)
    TIM_OC1PolarityConfig                    0x080016f9   Thumb Code    12  stm32f10x_tim.o(.text)
    TIM_OC1NPolarityConfig                   0x08001705   Thumb Code    12  stm32f10x_tim.o(.text)
    TIM_OC2PolarityConfig                    0x08001711   Thumb Code    20  stm32f10x_tim.o(.text)
    TIM_OC2NPolarityConfig                   0x08001725   Thumb Code    20  stm32f10x_tim.o(.text)
    TIM_OC3PolarityConfig                    0x08001739   Thumb Code    20  stm32f10x_tim.o(.text)
    TIM_OC3NPolarityConfig                   0x0800174d   Thumb Code    20  stm32f10x_tim.o(.text)
    TIM_OC4PolarityConfig                    0x08001761   Thumb Code    20  stm32f10x_tim.o(.text)
    TIM_CCxCmd                               0x08001775   Thumb Code    22  stm32f10x_tim.o(.text)
    TIM_CCxNCmd                              0x0800178b   Thumb Code    22  stm32f10x_tim.o(.text)
    TIM_SelectOCxM                           0x080017a1   Thumb Code    76  stm32f10x_tim.o(.text)
    TIM_UpdateDisableConfig                  0x080017ed   Thumb Code    24  stm32f10x_tim.o(.text)
    TIM_UpdateRequestConfig                  0x08001805   Thumb Code    24  stm32f10x_tim.o(.text)
    TIM_SelectHallSensor                     0x0800181d   Thumb Code    24  stm32f10x_tim.o(.text)
    TIM_SelectOnePulseMode                   0x08001835   Thumb Code    16  stm32f10x_tim.o(.text)
    TIM_SelectOutputTrigger                  0x08001845   Thumb Code    16  stm32f10x_tim.o(.text)
    TIM_SelectSlaveMode                      0x08001855   Thumb Code    16  stm32f10x_tim.o(.text)
    TIM_SelectMasterSlaveMode                0x08001865   Thumb Code    16  stm32f10x_tim.o(.text)
    TIM_SetCounter                           0x08001875   Thumb Code     4  stm32f10x_tim.o(.text)
    TIM_SetAutoreload                        0x08001879   Thumb Code     4  stm32f10x_tim.o(.text)
    TIM_SetCompare1                          0x0800187d   Thumb Code     4  stm32f10x_tim.o(.text)
    TIM_SetCompare2                          0x08001881   Thumb Code     4  stm32f10x_tim.o(.text)
    TIM_SetCompare3                          0x08001885   Thumb Code     4  stm32f10x_tim.o(.text)
    TIM_SetCompare4                          0x08001889   Thumb Code     6  stm32f10x_tim.o(.text)
    TIM_SetClockDivision                     0x0800188f   Thumb Code    16  stm32f10x_tim.o(.text)
    TIM_GetCapture1                          0x0800189f   Thumb Code     4  stm32f10x_tim.o(.text)
    TIM_GetCapture2                          0x080018a3   Thumb Code     4  stm32f10x_tim.o(.text)
    TIM_GetCapture3                          0x080018a7   Thumb Code     4  stm32f10x_tim.o(.text)
    TIM_GetCapture4                          0x080018ab   Thumb Code     6  stm32f10x_tim.o(.text)
    TIM_GetCounter                           0x080018b1   Thumb Code     4  stm32f10x_tim.o(.text)
    TIM_GetPrescaler                         0x080018b5   Thumb Code     4  stm32f10x_tim.o(.text)
    TIM_GetFlagStatus                        0x080018b9   Thumb Code    14  stm32f10x_tim.o(.text)
    TIM_ClearFlag                            0x080018c7   Thumb Code     6  stm32f10x_tim.o(.text)
    TIM_GetITStatus                          0x080018cd   Thumb Code    24  stm32f10x_tim.o(.text)
    TIM_ClearITPendingBit                    0x080018e5   Thumb Code     6  stm32f10x_tim.o(.text)
    USART_DeInit                             0x080018ed   Thumb Code   144  stm32f10x_usart.o(.text)
    USART_Init                               0x0800197d   Thumb Code   182  stm32f10x_usart.o(.text)
    USART_StructInit                         0x08001a33   Thumb Code    22  stm32f10x_usart.o(.text)
    USART_ClockInit                          0x08001a49   Thumb Code    30  stm32f10x_usart.o(.text)
    USART_ClockStructInit                    0x08001a67   Thumb Code    12  stm32f10x_usart.o(.text)
    USART_Cmd                                0x08001a73   Thumb Code    24  stm32f10x_usart.o(.text)
    USART_ITConfig                           0x08001a8b   Thumb Code    54  stm32f10x_usart.o(.text)
    USART_DMACmd                             0x08001ac1   Thumb Code    20  stm32f10x_usart.o(.text)
    USART_SetAddress                         0x08001ad5   Thumb Code    16  stm32f10x_usart.o(.text)
    USART_WakeUpConfig                       0x08001ae5   Thumb Code    16  stm32f10x_usart.o(.text)
    USART_ReceiverWakeUpCmd                  0x08001af5   Thumb Code    24  stm32f10x_usart.o(.text)
    USART_LINBreakDetectLengthConfig         0x08001b0d   Thumb Code    16  stm32f10x_usart.o(.text)
    USART_LINCmd                             0x08001b1d   Thumb Code    24  stm32f10x_usart.o(.text)
    USART_SendData                           0x08001b35   Thumb Code     8  stm32f10x_usart.o(.text)
    USART_ReceiveData                        0x08001b3d   Thumb Code     8  stm32f10x_usart.o(.text)
    USART_SendBreak                          0x08001b45   Thumb Code    10  stm32f10x_usart.o(.text)
    USART_SetGuardTime                       0x08001b4f   Thumb Code    16  stm32f10x_usart.o(.text)
    USART_SetPrescaler                       0x08001b5f   Thumb Code    16  stm32f10x_usart.o(.text)
    USART_SmartCardCmd                       0x08001b6f   Thumb Code    24  stm32f10x_usart.o(.text)
    USART_SmartCardNACKCmd                   0x08001b87   Thumb Code    24  stm32f10x_usart.o(.text)
    USART_HalfDuplexCmd                      0x08001b9f   Thumb Code    24  stm32f10x_usart.o(.text)
    USART_OverSampling8Cmd                   0x08001bb7   Thumb Code    24  stm32f10x_usart.o(.text)
    USART_OneBitMethodCmd                    0x08001bcf   Thumb Code    24  stm32f10x_usart.o(.text)
    USART_IrDAConfig                         0x08001be7   Thumb Code    16  stm32f10x_usart.o(.text)
    USART_IrDACmd                            0x08001bf7   Thumb Code    24  stm32f10x_usart.o(.text)
    USART_GetFlagStatus                      0x08001c0f   Thumb Code    14  stm32f10x_usart.o(.text)
    USART_ClearFlag                          0x08001c1d   Thumb Code     8  stm32f10x_usart.o(.text)
    USART_GetITStatus                        0x08001c25   Thumb Code    64  stm32f10x_usart.o(.text)
    USART_ClearITPendingBit                  0x08001c65   Thumb Code    16  stm32f10x_usart.o(.text)
    rt_heap_begin_get                        0x08001c89   Thumb Code     4  board.o(.text)
    rt_heap_end_get                          0x08001c8d   Thumb Code     4  board.o(.text)
    rt_hw_board_init                         0x08001c91   Thumb Code   122  board.o(.text)
    SysTick_Handler                          0x08001d0b   Thumb Code    18  board.o(.text)
    rt_hw_console_output                     0x08001d1d   Thumb Code    76  board.o(.text)
    $Super$$main                             0x08001d7d   Thumb Code   248  main.o(.text)
    EXTI1_IRQHandler                         0x08002051   Thumb Code    70  stm32f10x_it.o(.text)
    LED_GPIO_Config                          0x080020b9   Thumb Code    92  bsp_led.o(.text)
    USART_Config                             0x0800213f   Thumb Code   138  bsp_usart.o(.text)
    Usart_SendByte                           0x080021c9   Thumb Code    24  bsp_usart.o(.text)
    Usart_SendArray                          0x080021e1   Thumb Code    46  bsp_usart.o(.text)
    Usart_SendString                         0x0800220f   Thumb Code    38  bsp_usart.o(.text)
    Usart_SendHalfWord                       0x08002235   Thumb Code    50  bsp_usart.o(.text)
    fputc                                    0x08002267   Thumb Code    30  bsp_usart.o(.text)
    fgetc                                    0x08002285   Thumb Code    26  bsp_usart.o(.text)
    USART1_IRQHandler                        0x0800229f   Thumb Code    92  bsp_usart.o(.text)
    Key_GPIO_Config                          0x0800230d   Thumb Code     2  bsp_key.o(.text)
    Key_Scan                                 0x0800230f   Thumb Code    38  bsp_key.o(.text)
    PS_StaGPIO_Init                          0x08002335   Thumb Code    38  as608.o(.text)
    PS_GetImage                              0x0800242f   Thumb Code    52  as608.o(.text)
    PS_GenChar                               0x08002463   Thumb Code    60  as608.o(.text)
    PS_Match                                 0x0800249f   Thumb Code    52  as608.o(.text)
    PS_Search                                0x080024d3   Thumb Code   132  as608.o(.text)
    PS_RegModel                              0x08002557   Thumb Code    52  as608.o(.text)
    PS_StoreChar                             0x0800258b   Thumb Code    82  as608.o(.text)
    PS_DeletChar                             0x080025dd   Thumb Code    94  as608.o(.text)
    PS_Empty                                 0x0800263b   Thumb Code    52  as608.o(.text)
    EnsureMessage                            0x0800266f   Thumb Code   130  as608.o(.text)
    PS_WriteReg                              0x080026f1   Thumb Code   566  as608.o(.text)
    PS_ReadSysPara                           0x08002927   Thumb Code   156  as608.o(.text)
    PS_SetAddr                               0x080029c3   Thumb Code   128  as608.o(.text)
    PS_WriteNotepad                          0x08002a43   Thumb Code    90  as608.o(.text)
    PS_ReadNotepad                           0x08002a9d   Thumb Code    82  as608.o(.text)
    PS_HighSpeedSearch                       0x08002aef   Thumb Code   130  as608.o(.text)
    PS_ValidTempleteNum                      0x08002b71   Thumb Code    98  as608.o(.text)
    PS_HandShake                             0x08002bd3   Thumb Code   100  as608.o(.text)
    BEEP_Init                                0x08002cd1   Thumb Code    50  beep.o(.text)
    TIM7_IRQHandler                          0x08002d09   Thumb Code    48  timer.o(.text)
    TIM7_Int_Init                            0x08002d39   Thumb Code    90  timer.o(.text)
    USART2_IRQHandler                        0x08002d9d   Thumb Code    86  usart2.o(.text)
    usart2_init                              0x08002df3   Thumb Code   182  usart2.o(.text)
    u2_printf                                0x08002ea9   Thumb Code    68  usart2.o(.text)
    Key_Config                               0x08002f09   Thumb Code    66  key.o(.text)
    KeyScan                                  0x08002f4b   Thumb Code   302  key.o(.text)
    GetKeyVal                                0x08003079   Thumb Code    98  key.o(.text)
    GET_NUM                                  0x080030e1   Thumb Code   104  handle_as608.o(.text)
    GET_str                                  0x08003149   Thumb Code    88  handle_as608.o(.text)
    del_str                                  0x080031a1   Thumb Code    30  handle_as608.o(.text)
    Add_FR                                   0x080031bf   Thumb Code   332  handle_as608.o(.text)
    press_FR                                 0x0800330b   Thumb Code   188  handle_as608.o(.text)
    verify_FR                                0x080033c7   Thumb Code   228  handle_as608.o(.text)
    Del_FR                                   0x080034ab   Thumb Code   874  handle_as608.o(.text)
    Handle_AS608                             0x08003815   Thumb Code   164  handle_as608.o(.text)
    handle_FR                                0x0800396d   Thumb Code   328  handle_code.o(.text)
    handle_sys                               0x08003ab5   Thumb Code  1272  handle_code.o(.text)
    SPI_FLASH_Init                           0x08003fad   Thumb Code   178  bsp_spi_flash.o(.text)
    SPI_FLASH_SendByte                       0x0800406d   Thumb Code   102  bsp_spi_flash.o(.text)
    SPI_FLASH_WaitForWriteEnd                0x080040d3   Thumb Code    40  bsp_spi_flash.o(.text)
    SPI_FLASH_WriteEnable                    0x080040fb   Thumb Code    30  bsp_spi_flash.o(.text)
    SPI_FLASH_SectorErase                    0x08004119   Thumb Code    64  bsp_spi_flash.o(.text)
    SPI_FLASH_BulkErase                      0x08004159   Thumb Code    36  bsp_spi_flash.o(.text)
    SPI_FLASH_PageWrite                      0x0800417d   Thumb Code    96  bsp_spi_flash.o(.text)
    SPI_FLASH_BufferWrite                    0x080041dd   Thumb Code   202  bsp_spi_flash.o(.text)
    SPI_FLASH_BufferRead                     0x080042a7   Thumb Code    78  bsp_spi_flash.o(.text)
    SPI_FLASH_ReadID                         0x080042f5   Thumb Code    62  bsp_spi_flash.o(.text)
    SPI_FLASH_ReadDeviceID                   0x08004333   Thumb Code    56  bsp_spi_flash.o(.text)
    SPI_FLASH_StartReadSequence              0x0800436b   Thumb Code    42  bsp_spi_flash.o(.text)
    SPI_FLASH_ReadByte                       0x08004395   Thumb Code     4  bsp_spi_flash.o(.text)
    SPI_FLASH_SendHalfWord                   0x08004399   Thumb Code   214  bsp_spi_flash.o(.text)
    SPI_Flash_PowerDown                      0x0800446f   Thumb Code    30  bsp_spi_flash.o(.text)
    SPI_Flash_WAKEUP                         0x0800448d   Thumb Code    30  bsp_spi_flash.o(.text)
    Handle_flash                             0x080044b1   Thumb Code   416  handle_flash.o(.text)
    codeOpen_entry                           0x080047cd   Thumb Code    26  open.o(.text)
    FRopen_entry                             0x080047e7   Thumb Code   166  open.o(.text)
    RELAY_Init                               0x08004905   Thumb Code    80  relay.o(.text)
    rt_system_tick_init                      0x08004959   Thumb Code     2  clock.o(.text)
    rt_tick_get                              0x0800495b   Thumb Code     6  clock.o(.text)
    rt_tick_set                              0x08004961   Thumb Code    20  clock.o(.text)
    rt_tick_increase                         0x08004975   Thumb Code    38  clock.o(.text)
    rt_tick_from_millisecond                 0x0800499b   Thumb Code    34  clock.o(.text)
    rt_components_board_init                 0x080049d1   Thumb Code    20  components.o(.text)
    rt_components_init                       0x080049e5   Thumb Code    20  components.o(.text)
    main_thread_entry                        0x080049f9   Thumb Code    14  components.o(.text)
    rt_application_init                      0x08004a07   Thumb Code    34  components.o(.text)
    rtthread_startup                         0x08004a29   Thumb Code    42  components.o(.text)
    main                                     0x08004a53   Thumb Code    14  components.o(.text)
    rt_thread_idle_excute                    0x08004a75   Thumb Code   118  idle.o(.text)
    rt_thread_idle_init                      0x08004af1   Thumb Code    46  idle.o(.text)
    rt_thread_idle_gethandler                0x08004b1f   Thumb Code     6  idle.o(.text)
    rt_sem_init                              0x08004bd3   Thumb Code    36  ipc.o(.text)
    rt_sem_detach                            0x08004bf7   Thumb Code    22  ipc.o(.text)
    rt_sem_create                            0x08004c0d   Thumb Code    32  ipc.o(.text)
    rt_sem_delete                            0x08004c2d   Thumb Code    22  ipc.o(.text)
    rt_sem_take                              0x08004c43   Thumb Code   110  ipc.o(.text)
    rt_sem_trytake                           0x08004cb1   Thumb Code     4  ipc.o(.text)
    rt_sem_release                           0x08004cb5   Thumb Code    62  ipc.o(.text)
    rt_sem_control                           0x08004cf3   Thumb Code    46  ipc.o(.text)
    rt_mutex_init                            0x08004d21   Thumb Code    42  ipc.o(.text)
    rt_mutex_detach                          0x08004d4b   Thumb Code    22  ipc.o(.text)
    rt_mutex_create                          0x08004d61   Thumb Code    42  ipc.o(.text)
    rt_mutex_delete                          0x08004d8b   Thumb Code    22  ipc.o(.text)
    rt_mutex_take                            0x08004da1   Thumb Code   184  ipc.o(.text)
    rt_mutex_release                         0x08004e59   Thumb Code   144  ipc.o(.text)
    rt_mutex_control                         0x08004ee9   Thumb Code     6  ipc.o(.text)
    rt_event_init                            0x08004eef   Thumb Code    32  ipc.o(.text)
    rt_event_detach                          0x08004f0f   Thumb Code    22  ipc.o(.text)
    rt_event_create                          0x08004f25   Thumb Code    32  ipc.o(.text)
    rt_event_delete                          0x08004f45   Thumb Code    22  ipc.o(.text)
    rt_event_send                            0x08004f5b   Thumb Code   144  ipc.o(.text)
    rt_event_recv                            0x08004feb   Thumb Code   208  ipc.o(.text)
    rt_event_control                         0x080050bb   Thumb Code    46  ipc.o(.text)
    rt_mb_init                               0x080050e9   Thumb Code    52  ipc.o(.text)
    rt_mb_detach                             0x0800511d   Thumb Code    30  ipc.o(.text)
    rt_mb_create                             0x0800513b   Thumb Code    76  ipc.o(.text)
    rt_mb_delete                             0x08005187   Thumb Code    36  ipc.o(.text)
    rt_mb_send_wait                          0x080051ab   Thumb Code   242  ipc.o(.text)
    rt_mb_send                               0x0800529d   Thumb Code     4  ipc.o(.text)
    rt_mb_recv                               0x080052a1   Thumb Code   242  ipc.o(.text)
    rt_mb_control                            0x08005393   Thumb Code    58  ipc.o(.text)
    rt_mq_init                               0x080053cd   Thumb Code    98  ipc.o(.text)
    rt_mq_detach                             0x0800542f   Thumb Code    22  ipc.o(.text)
    rt_mq_delete                             0x08005445   Thumb Code    28  ipc.o(.text)
    rt_mq_create                             0x08005461   Thumb Code   114  ipc.o(.text)
    rt_mq_send                               0x080054d3   Thumb Code   132  ipc.o(.text)
    rt_mq_urgent                             0x08005557   Thumb Code   126  ipc.o(.text)
    rt_mq_recv                               0x080055d5   Thumb Code   240  ipc.o(.text)
    rt_mq_control                            0x080056c5   Thumb Code    72  ipc.o(.text)
    rt_interrupt_enter                       0x08005739   Thumb Code    22  irq.o(.text)
    rt_interrupt_leave                       0x0800574f   Thumb Code    22  irq.o(.text)
    rt_interrupt_get_nest                    0x08005765   Thumb Code     6  irq.o(.text)
    rt_get_errno                             0x08005771   Thumb Code    28  kservice.o(.text)
    rt_set_errno                             0x0800578d   Thumb Code    30  kservice.o(.text)
    _rt_errno                                0x080057ab   Thumb Code    26  kservice.o(.text)
    rt_memset                                0x080057c5   Thumb Code    20  kservice.o(.text)
    rt_memcpy                                0x080057d9   Thumb Code    58  kservice.o(.text)
    rt_memmove                               0x08005813   Thumb Code    52  kservice.o(.text)
    rt_memcmp                                0x08005847   Thumb Code    28  kservice.o(.text)
    rt_strlen                                0x08005863   Thumb Code    16  kservice.o(.text)
    rt_strstr                                0x08005873   Thumb Code    60  kservice.o(.text)
    rt_strcasecmp                            0x080058af   Thumb Code    42  kservice.o(.text)
    rt_strncpy                               0x080058d9   Thumb Code    38  kservice.o(.text)
    rt_strncmp                               0x080058ff   Thumb Code    34  kservice.o(.text)
    rt_strcmp                                0x08005921   Thumb Code    32  kservice.o(.text)
    rt_strnlen                               0x08005941   Thumb Code    20  kservice.o(.text)
    rt_strdup                                0x08005955   Thumb Code    40  kservice.o(.text)
    rt_vsnprintf                             0x08005aa3   Thumb Code   668  kservice.o(.text)
    rt_kprintf                               0x08005d3f   Thumb Code    30  kservice.o(.text)
    rt_show_version                          0x08005d5d   Thumb Code    38  kservice.o(.text)
    rt_snprintf                              0x08005d83   Thumb Code    18  kservice.o(.text)
    rt_vsprintf                              0x08005d95   Thumb Code    16  kservice.o(.text)
    rt_sprintf                               0x08005da5   Thumb Code    14  kservice.o(.text)
    rt_kputs                                 0x08005db3   Thumb Code    12  kservice.o(.text)
    rt_malloc_align                          0x08005dbf   Thumb Code    50  kservice.o(.text)
    rt_free_align                            0x08005df1   Thumb Code     8  kservice.o(.text)
    __rt_ffs                                 0x08005df9   Thumb Code    66  kservice.o(.text)
    rt_system_heap_init                      0x08005f45   Thumb Code   100  mem.o(.text)
    rt_malloc                                0x08005fa9   Thumb Code   252  mem.o(.text)
    rt_free                                  0x080060a5   Thumb Code   112  mem.o(.text)
    rt_realloc                               0x08006115   Thumb Code   224  mem.o(.text)
    rt_calloc                                0x080061f5   Thumb Code    28  mem.o(.text)
    rt_memory_info                           0x08006211   Thumb Code    28  mem.o(.text)
    rt_system_object_init                    0x080062c5   Thumb Code     2  object.o(.text)
    rt_object_get_information                0x080062c7   Thumb Code    30  object.o(.text)
    rt_object_init                           0x080062e5   Thumb Code    60  object.o(.text)
    rt_object_detach                         0x08006321   Thumb Code    28  object.o(.text)
    rt_object_allocate                       0x0800633d   Thumb Code    74  object.o(.text)
    rt_object_delete                         0x08006387   Thumb Code    34  object.o(.text)
    rt_object_is_systemobject                0x080063a9   Thumb Code    14  object.o(.text)
    rt_object_find                           0x080063b7   Thumb Code    74  object.o(.text)
    rt_system_scheduler_init                 0x08006425   Thumb Code    44  scheduler.o(.text)
    rt_system_scheduler_start                0x08006451   Thumb Code    32  scheduler.o(.text)
    rt_schedule                              0x08006471   Thumb Code   102  scheduler.o(.text)
    rt_schedule_insert_thread                0x080064d7   Thumb Code    68  scheduler.o(.text)
    rt_schedule_remove_thread                0x0800651b   Thumb Code    74  scheduler.o(.text)
    rt_enter_critical                        0x08006565   Thumb Code    22  scheduler.o(.text)
    rt_exit_critical                         0x0800657b   Thumb Code    42  scheduler.o(.text)
    rt_critical_level                        0x080065a5   Thumb Code     8  scheduler.o(.text)
    rt_thread_exit                           0x080065b9   Thumb Code    78  thread.o(.text)
    rt_thread_timeout                        0x08006607   Thumb Code    32  thread.o(.text)
    rt_thread_init                           0x08006699   Thumb Code    56  thread.o(.text)
    rt_thread_self                           0x080066d1   Thumb Code     6  thread.o(.text)
    rt_thread_resume                         0x080066d7   Thumb Code    60  thread.o(.text)
    rt_thread_startup                        0x08006713   Thumb Code    38  thread.o(.text)
    rt_thread_detach                         0x08006739   Thumb Code    68  thread.o(.text)
    rt_thread_create                         0x0800677d   Thumb Code    76  thread.o(.text)
    rt_thread_delete                         0x080067c9   Thumb Code    58  thread.o(.text)
    rt_thread_yield                          0x08006803   Thumb Code    88  thread.o(.text)
    rt_thread_suspend                        0x0800685b   Thumb Code    66  thread.o(.text)
    rt_thread_sleep                          0x0800689d   Thumb Code    60  thread.o(.text)
    rt_thread_delay                          0x080068d9   Thumb Code     2  thread.o(.text)
    rt_thread_control                        0x080068db   Thumb Code   102  thread.o(.text)
    rt_thread_find                           0x08006941   Thumb Code    78  thread.o(.text)
    rt_timer_init                            0x080069fb   Thumb Code    42  timer_1.o(.text)
    rt_timer_detach                          0x08006a25   Thumb Code    32  timer_1.o(.text)
    rt_timer_create                          0x08006a45   Thumb Code    46  timer_1.o(.text)
    rt_timer_delete                          0x08006a73   Thumb Code    32  timer_1.o(.text)
    rt_timer_start                           0x08006a93   Thumb Code   206  timer_1.o(.text)
    rt_timer_stop                            0x08006b61   Thumb Code    46  timer_1.o(.text)
    rt_timer_control                         0x08006b8f   Thumb Code    52  timer_1.o(.text)
    rt_timer_check                           0x08006bc3   Thumb Code   102  timer_1.o(.text)
    rt_timer_next_timeout_tick               0x08006c29   Thumb Code     4  timer_1.o(.text)
    rt_system_timer_init                     0x08006c2d   Thumb Code    20  timer_1.o(.text)
    rt_system_timer_thread_init              0x08006c41   Thumb Code     2  timer_1.o(.text)
    rt_hw_interrupt_disable                  0x08006c85   Thumb Code     8  context_rvds.o(.text)
    rt_hw_interrupt_enable                   0x08006c8d   Thumb Code     6  context_rvds.o(.text)
    rt_hw_context_switch                     0x08006c93   Thumb Code    32  context_rvds.o(.text)
    rt_hw_context_switch_interrupt           0x08006c93   Thumb Code     0  context_rvds.o(.text)
    PendSV_Handler                           0x08006cb3   Thumb Code    60  context_rvds.o(.text)
    rt_hw_context_switch_to                  0x08006cef   Thumb Code    58  context_rvds.o(.text)
    rt_hw_interrupt_thread_switch            0x08006d29   Thumb Code     2  context_rvds.o(.text)
    HardFault_Handler                        0x08006d2b   Thumb Code    48  context_rvds.o(.text)
    rt_hw_stack_init                         0x08006d75   Thumb Code    56  cpuport.o(.text)
    rt_hw_exception_install                  0x08006dad   Thumb Code     6  cpuport.o(.text)
    rt_hw_hard_fault_exception               0x08006db3   Thumb Code   180  cpuport.o(.text)
    rt_hw_cpu_shutdown                       0x08006e67   Thumb Code     6  cpuport.o(.text)
    disk_status                              0x08006fc1   Thumb Code    36  diskio.o(.text)
    disk_initialize                          0x08006fe5   Thumb Code    30  diskio.o(.text)
    disk_read                                0x08007003   Thumb Code    46  diskio.o(.text)
    disk_write                               0x08007031   Thumb Code    54  diskio.o(.text)
    disk_ioctl                               0x08007067   Thumb Code    54  diskio.o(.text)
    get_fattime                              0x0800709d   Thumb Code     4  diskio.o(.text)
    clust2sect                               0x08007231   Thumb Code    24  ff.o(.text)
    get_fat                                  0x08007249   Thumb Code   254  ff.o(.text)
    put_fat                                  0x08007347   Thumb Code   300  ff.o(.text)
    f_mount                                  0x08008441   Thumb Code    74  ff.o(.text)
    f_open                                   0x0800848b   Thumb Code   348  ff.o(.text)
    f_read                                   0x080085e7   Thumb Code   380  ff.o(.text)
    f_write                                  0x08008763   Thumb Code   458  ff.o(.text)
    f_sync                                   0x0800892d   Thumb Code   154  ff.o(.text)
    f_close                                  0x080089c7   Thumb Code    30  ff.o(.text)
    f_lseek                                  0x080089e5   Thumb Code   370  ff.o(.text)
    f_opendir                                0x08008b57   Thumb Code   112  ff.o(.text)
    f_closedir                               0x08008bc7   Thumb Code    20  ff.o(.text)
    f_readdir                                0x08008bdb   Thumb Code    86  ff.o(.text)
    f_stat                                   0x08008c31   Thumb Code    64  ff.o(.text)
    f_getfree                                0x08008c71   Thumb Code   220  ff.o(.text)
    f_truncate                               0x08008d4d   Thumb Code   178  ff.o(.text)
    f_unlink                                 0x08008dff   Thumb Code   166  ff.o(.text)
    f_mkdir                                  0x08008ea5   Thumb Code   358  ff.o(.text)
    f_chmod                                  0x0800900b   Thumb Code    78  ff.o(.text)
    f_rename                                 0x08009059   Thumb Code   246  ff.o(.text)
    f_utime                                  0x0800914f   Thumb Code    84  ff.o(.text)
    f_mkfs                                   0x080091a3   Thumb Code  1332  ff.o(.text)
    ff_convert                               0x08009711   Thumb Code    78  cc936.o(.text)
    ff_wtoupper                              0x0800975f   Thumb Code    68  cc936.o(.text)
    StringToInt                              0x080097b5   Thumb Code    36  g4.o(.text)
    IntToString                              0x080097d9   Thumb Code    76  g4.o(.text)
    G4_StatePinConfig                        0x08009825   Thumb Code   146  g4.o(.text)
    G4_SetLIKAPin                            0x080098b7   Thumb Code    42  g4.o(.text)
    G4_CheckSTAT                             0x080098e1   Thumb Code    22  g4.o(.text)
    G4_CheckLIKA                             0x080098f7   Thumb Code    20  g4.o(.text)
    G4_RST                                   0x0800990b   Thumb Code    42  g4.o(.text)
    G4_USART_Config                          0x0800995b   Thumb Code   154  g4.o(.text)
    G4_SendByte                              0x080099f5   Thumb Code    26  g4.o(.text)
    G4_SendArray                             0x08009a0f   Thumb Code    26  g4.o(.text)
    G4_SendString                            0x08009a29   Thumb Code    24  g4.o(.text)
    G4_Cmd                                   0x08009a41   Thumb Code   158  g4.o(.text)
    G4_EnterATMode                           0x08009adf   Thumb Code    68  g4.o(.text)
    G4_ExitATMode                            0x08009b23   Thumb Code    12  g4.o(.text)
    G4_AT_RESTORE                            0x08009b2f   Thumb Code    12  g4.o(.text)
    G4_AT_REBT                               0x08009b3b   Thumb Code    12  g4.o(.text)
    G4_AT_UART_Query                         0x08009b47   Thumb Code   108  g4.o(.text)
    G4_AT_UART_Set                           0x08009bb3   Thumb Code    90  g4.o(.text)
    G4_AT_LINKSTA                            0x08009c0d   Thumb Code   240  g4.o(.text)
    G4_AT_SOCK                               0x08009cfd   Thumb Code    90  g4.o(.text)
    G4_AT_HEARTMOD                           0x08009d57   Thumb Code    50  g4.o(.text)
    G4_AT_HEARTINFO                          0x08009d89   Thumb Code    48  g4.o(.text)
    G4_AT_HEARTM                             0x08009db9   Thumb Code    62  g4.o(.text)
    G4_AT_UARTCLR                            0x08009df7   Thumb Code    52  g4.o(.text)
    USART3_IRQHandler                        0x08009e2b   Thumb Code   134  g4.o(.text)
    cJSON_GetErrorPtr                        0x08009f15   Thumb Code     6  cjson.o(.text)
    cJSON_InitHooks                          0x08009f95   Thumb Code    36  cjson.o(.text)
    cJSON_Delete                             0x08009fd3   Thumb Code    66  cjson.o(.text)
    cJSON_ParseWithOpts                      0x0800a9db   Thumb Code    94  cjson.o(.text)
    cJSON_Parse                              0x0800aa39   Thumb Code     6  cjson.o(.text)
    cJSON_Print                              0x0800b0f1   Thumb Code     8  cjson.o(.text)
    cJSON_PrintUnformatted                   0x0800b0f9   Thumb Code     8  cjson.o(.text)
    cJSON_PrintBuffered                      0x0800b101   Thumb Code    38  cjson.o(.text)
    cJSON_GetArraySize                       0x0800b127   Thumb Code    16  cjson.o(.text)
    cJSON_GetArrayItem                       0x0800b137   Thumb Code    18  cjson.o(.text)
    cJSON_GetObjectItem                      0x0800b149   Thumb Code    28  cjson.o(.text)
    cJSON_AddItemToArray                     0x0800b199   Thumb Code    26  cjson.o(.text)
    cJSON_AddItemToObject                    0x0800b1b3   Thumb Code    42  cjson.o(.text)
    cJSON_AddItemToObjectCS                  0x0800b1dd   Thumb Code    50  cjson.o(.text)
    cJSON_AddItemReferenceToArray            0x0800b20f   Thumb Code    20  cjson.o(.text)
    cJSON_AddItemReferenceToObject           0x0800b223   Thumb Code    24  cjson.o(.text)
    cJSON_DetachItemFromArray                0x0800b23b   Thumb Code    56  cjson.o(.text)
    cJSON_DeleteItemFromArray                0x0800b273   Thumb Code    14  cjson.o(.text)
    cJSON_DetachItemFromObject               0x0800b281   Thumb Code    50  cjson.o(.text)
    cJSON_DeleteItemFromObject               0x0800b2b3   Thumb Code    14  cjson.o(.text)
    cJSON_InsertItemInArray                  0x0800b2c1   Thumb Code    52  cjson.o(.text)
    cJSON_ReplaceItemInArray                 0x0800b2f5   Thumb Code    62  cjson.o(.text)
    cJSON_ReplaceItemInObject                0x0800b333   Thumb Code    60  cjson.o(.text)
    cJSON_CreateNull                         0x0800b36f   Thumb Code    16  cjson.o(.text)
    cJSON_CreateTrue                         0x0800b37f   Thumb Code    16  cjson.o(.text)
    cJSON_CreateFalse                        0x0800b38f   Thumb Code    16  cjson.o(.text)
    cJSON_CreateBool                         0x0800b39f   Thumb Code    24  cjson.o(.text)
    cJSON_CreateNumber                       0x0800b3b7   Thumb Code    36  cjson.o(.text)
    cJSON_CreateString                       0x0800b3db   Thumb Code    28  cjson.o(.text)
    cJSON_CreateArray                        0x0800b3f7   Thumb Code    16  cjson.o(.text)
    cJSON_CreateObject                       0x0800b407   Thumb Code    16  cjson.o(.text)
    cJSON_CreateIntArray                     0x0800b417   Thumb Code    64  cjson.o(.text)
    cJSON_CreateFloatArray                   0x0800b457   Thumb Code    62  cjson.o(.text)
    cJSON_CreateDoubleArray                  0x0800b495   Thumb Code    60  cjson.o(.text)
    cJSON_CreateStringArray                  0x0800b4d1   Thumb Code    66  cjson.o(.text)
    cJSON_Duplicate                          0x0800b513   Thumb Code   150  cjson.o(.text)
    cJSON_Minify                             0x0800b5a9   Thumb Code   166  cjson.o(.text)
    RotationWord                             0x0800b651   Thumb Code    18  aes.o(.text)
    XorBytes                                 0x0800b663   Thumb Code    24  aes.o(.text)
    AddRoundKey                              0x0800b67b   Thumb Code     4  aes.o(.text)
    SubBytes                                 0x0800b67f   Thumb Code    32  aes.o(.text)
    ShiftRows                                0x0800b69f   Thumb Code    70  aes.o(.text)
    GfMultBy02                               0x0800b6e5   Thumb Code    20  aes.o(.text)
    MixColumns                               0x0800b6f9   Thumb Code   208  aes.o(.text)
    BlockEncrypt                             0x0800b7c9   Thumb Code    66  aes.o(.text)
    BlockDecrypt                             0x0800b80b   Thumb Code    74  aes.o(.text)
    AES_Init                                 0x0800b855   Thumb Code   116  aes.o(.text)
    AES_Encrypt                              0x0800b8c9   Thumb Code    66  aes.o(.text)
    AES_Encrypt_Oneself                      0x0800b90b   Thumb Code     4  aes.o(.text)
    AES_Decrypt                              0x0800b90f   Thumb Code    60  aes.o(.text)
    AES_Decrypt_Oneself                      0x0800b94b   Thumb Code     4  aes.o(.text)
    dataFiling_pkcs5padding                  0x0800b961   Thumb Code    34  myaes.o(.text)
    dataRemove_pkcs5padding                  0x0800b983   Thumb Code    12  myaes.o(.text)
    myaes_encrypt                            0x0800b98f   Thumb Code   112  myaes.o(.text)
    myaes_decrypt                            0x0800b9ff   Thumb Code    44  myaes.o(.text)
    Base64_EncodeStr                         0x0800ba2d   Thumb Code   142  base64.o(.text)
    Base64_EncodeUChArr                      0x0800babb   Thumb Code   140  base64.o(.text)
    Base64_DecodeToStr                       0x0800bb47   Thumb Code   234  base64.o(.text)
    Base64_DecodeToUChArr                    0x0800bc31   Thumb Code   228  base64.o(.text)
    crc16bitbybit                            0x0800bd19   Thumb Code    56  crc.o(.text)
    crc16table                               0x0800bd51   Thumb Code    38  crc.o(.text)
    crc16tablefast                           0x0800bd77   Thumb Code    60  crc.o(.text)
    assembleWebMsg                           0x0800bdbd   Thumb Code    84  newweb.o(.text)
    newwebconnect_entry                      0x0800be11   Thumb Code   242  newweb.o(.text)
    newwebhandle_entry                       0x0800bf03   Thumb Code  1768  newweb.o(.text)
    tolower                                  0x0800c661   Thumb Code    12  tolower.o(.text)
    __aeabi_memcpy                           0x0800c66d   Thumb Code    36  memcpya.o(.text)
    __aeabi_memcpy4                          0x0800c66d   Thumb Code     0  memcpya.o(.text)
    __aeabi_memcpy8                          0x0800c66d   Thumb Code     0  memcpya.o(.text)
    __aeabi_memset                           0x0800c691   Thumb Code    14  memseta.o(.text)
    __aeabi_memset4                          0x0800c691   Thumb Code     0  memseta.o(.text)
    __aeabi_memset8                          0x0800c691   Thumb Code     0  memseta.o(.text)
    __aeabi_memclr                           0x0800c69f   Thumb Code     4  memseta.o(.text)
    __aeabi_memclr4                          0x0800c69f   Thumb Code     0  memseta.o(.text)
    __aeabi_memclr8                          0x0800c69f   Thumb Code     0  memseta.o(.text)
    _memset$wrapper                          0x0800c6a3   Thumb Code    18  memseta.o(.text)
    strcat                                   0x0800c6b5   Thumb Code    24  strcat.o(.text)
    strstr                                   0x0800c6cd   Thumb Code    36  strstr.o(.text)
    strchr                                   0x0800c6f1   Thumb Code    20  strchr.o(.text)
    strlen                                   0x0800c705   Thumb Code    14  strlen.o(.text)
    strcmp                                   0x0800c713   Thumb Code    28  strcmp.o(.text)
    strcpy                                   0x0800c72f   Thumb Code    18  strcpy.o(.text)
    strncmp                                  0x0800c741   Thumb Code    30  strncmp.o(.text)
    __aeabi_dadd                             0x0800c75f   Thumb Code   322  dadd.o(.text)
    __aeabi_dsub                             0x0800c8a1   Thumb Code     6  dadd.o(.text)
    __aeabi_drsub                            0x0800c8a7   Thumb Code     6  dadd.o(.text)
    __aeabi_dmul                             0x0800c8ad   Thumb Code   228  dmul.o(.text)
    __aeabi_i2d                              0x0800c991   Thumb Code    34  dflti.o(.text)
    __aeabi_d2iz                             0x0800c9b3   Thumb Code    62  dfixi.o(.text)
    __aeabi_f2d                              0x0800c9f1   Thumb Code    38  f2d.o(.text)
    __aeabi_cdcmpeq                          0x0800ca19   Thumb Code     0  cdcmple.o(.text)
    __aeabi_cdcmple                          0x0800ca19   Thumb Code    48  cdcmple.o(.text)
    __aeabi_cdrcmple                         0x0800ca49   Thumb Code    48  cdrcmple.o(.text)
    __aeabi_uidiv                            0x0800ca79   Thumb Code     0  uidiv.o(.text)
    __aeabi_uidivmod                         0x0800ca79   Thumb Code    44  uidiv.o(.text)
    __aeabi_uldivmod                         0x0800caa5   Thumb Code    98  uldiv.o(.text)
    __aeabi_llsl                             0x0800cb07   Thumb Code    30  llshl.o(.text)
    _ll_shift_l                              0x0800cb07   Thumb Code     0  llshl.o(.text)
    __aeabi_llsr                             0x0800cb25   Thumb Code    32  llushr.o(.text)
    _ll_ushift_r                             0x0800cb25   Thumb Code     0  llushr.o(.text)
    __aeabi_lasr                             0x0800cb45   Thumb Code    36  llsshr.o(.text)
    _ll_sshift_r                             0x0800cb45   Thumb Code     0  llsshr.o(.text)
    __I$use$fp                               0x0800cb69   Thumb Code     0  iusefp.o(.text)
    _double_round                            0x0800cb69   Thumb Code    30  depilogue.o(.text)
    _double_epilogue                         0x0800cb87   Thumb Code   156  depilogue.o(.text)
    __aeabi_ddiv                             0x0800cc23   Thumb Code   222  ddiv.o(.text)
    __ARM_scalbn                             0x0800cd01   Thumb Code    46  dscalb.o(.text)
    scalbn                                   0x0800cd01   Thumb Code     0  dscalb.o(.text)
    __aeabi_d2ulz                            0x0800cd2f   Thumb Code    48  dfixul.o(.text)
    __scatterload                            0x0800cd61   Thumb Code    28  init.o(.text)
    __scatterload_rt2                        0x0800cd61   Thumb Code     0  init.o(.text)
    _dsqrt                                   0x0800cd85   Thumb Code   162  dsqrt.o(.text)
    __decompress                             0x0800ce27   Thumb Code     0  __dczerorl2.o(.text)
    __decompress1                            0x0800ce27   Thumb Code    86  __dczerorl2.o(.text)
    __0printf                                0x0800ce7d   Thumb Code    22  printfa.o(i.__0printf)
    __1printf                                0x0800ce7d   Thumb Code     0  printfa.o(i.__0printf)
    __2printf                                0x0800ce7d   Thumb Code     0  printfa.o(i.__0printf)
    __c89printf                              0x0800ce7d   Thumb Code     0  printfa.o(i.__0printf)
    printf                                   0x0800ce7d   Thumb Code     0  printfa.o(i.__0printf)
    __0sprintf                               0x0800ce9d   Thumb Code    34  printfa.o(i.__0sprintf)
    __1sprintf                               0x0800ce9d   Thumb Code     0  printfa.o(i.__0sprintf)
    __2sprintf                               0x0800ce9d   Thumb Code     0  printfa.o(i.__0sprintf)
    __c89sprintf                             0x0800ce9d   Thumb Code     0  printfa.o(i.__0sprintf)
    sprintf                                  0x0800ce9d   Thumb Code     0  printfa.o(i.__0sprintf)
    __0vsprintf                              0x0800cec5   Thumb Code    30  printfa.o(i.__0vsprintf)
    __1vsprintf                              0x0800cec5   Thumb Code     0  printfa.o(i.__0vsprintf)
    __2vsprintf                              0x0800cec5   Thumb Code     0  printfa.o(i.__0vsprintf)
    __c89vsprintf                            0x0800cec5   Thumb Code     0  printfa.o(i.__0vsprintf)
    vsprintf                                 0x0800cec5   Thumb Code     0  printfa.o(i.__0vsprintf)
    __ARM_fpclassify                         0x0800cee9   Thumb Code    40  fpclassify.o(i.__ARM_fpclassify)
    __kernel_poly                            0x0800cf11   Thumb Code   170  poly.o(i.__kernel_poly)
    __mathlib_dbl_divzero                    0x0800cfbd   Thumb Code    12  dunder.o(i.__mathlib_dbl_divzero)
    __mathlib_dbl_infnan2                    0x0800cfcd   Thumb Code     4  dunder.o(i.__mathlib_dbl_infnan2)
    __mathlib_dbl_invalid                    0x0800cfd1   Thumb Code    12  dunder.o(i.__mathlib_dbl_invalid)
    __mathlib_dbl_overflow                   0x0800cfdd   Thumb Code    14  dunder.o(i.__mathlib_dbl_overflow)
    __mathlib_dbl_underflow                  0x0800cfed   Thumb Code    10  dunder.o(i.__mathlib_dbl_underflow)
    __scatterload_copy                       0x0800cffd   Thumb Code    14  handlers.o(i.__scatterload_copy)
    __scatterload_null                       0x0800d00b   Thumb Code     2  handlers.o(i.__scatterload_null)
    __scatterload_zeroinit                   0x0800d00d   Thumb Code    14  handlers.o(i.__scatterload_zeroinit)
    __set_errno                              0x0800d01d   Thumb Code     6  errno.o(i.__set_errno)
    floor                                    0x0800d8e5   Thumb Code   204  floor.o(i.floor)
    pow                                      0x0800d9c1   Thumb Code  2512  pow.o(i.pow)
    sqrt                                     0x0800e399   Thumb Code    76  sqrt.o(i.sqrt)
    __lowest_bit_bitmap                      0x0800e3e4   Data         256  kservice.o(.constdata)
    SBox                                     0x08039607   Data         256  aes.o(.constdata)
    InvSBox                                  0x08039707   Data         256  aes.o(.constdata)
    Base64_Table                             0x08039807   Data          66  base64.o(.constdata)
    crctablehi                               0x0803984a   Data         256  crc.o(.constdata)
    crctablelo                               0x0803994a   Data         256  crc.o(.constdata)
    crctalbeabs                              0x08039a4a   Data          32  crc.o(.constdata)
    __mathlib_zero                           0x08039b58   Data           8  qnan.o(.constdata)
    __rt_init_rti_start                      0x08039b60   Data           4  components.o(.rti_fn.0)
    __rt_init_rti_board_start                0x08039b64   Data           4  components.o(.rti_fn.0.end)
    __rt_init_rti_board_end                  0x08039b68   Data           4  components.o(.rti_fn.1.end)
    __rt_init_rti_end                        0x08039b6c   Data           4  components.o(.rti_fn.6.end)
    Region$$Table$$Base                      0x08039b70   Number         0  anon$$obj.o(Region$$Table)
    Region$$Table$$Limit                     0x08039b90   Number         0  anon$$obj.o(Region$$Table)
    SystemCoreClock                          0x20000000   Data           4  system_stm32f10x.o(.data)
    AHBPrescTable                            0x20000004   Data          16  system_stm32f10x.o(.data)
    USART_RX_STA                             0x20000028   Data           2  bsp_usart.o(.data)
    AS608Addr                                0x2000002c   Data           4  as608.o(.data)
    USART2_RX_STA                            0x20000030   Data           2  usart2.o(.data)
    num                                      0x20000034   Data           4  handle_as608.o(.data)
    ValidN                                   0x20000038   Data           2  handle_as608.o(.data)
    verify_sign                              0x2000003c   Data           4  handle_as608.o(.data)
    sign                                     0x20000040   Data           4  handle_code.o(.data)
    i                                        0x20000044   Data           4  handle_code.o(.data)
    j                                        0x20000048   Data           4  handle_code.o(.data)
    flash_password                           0x2000004c   Data         100  handle_code.o(.data)
    sys_password                             0x200000b0   Data         100  handle_code.o(.data)
    tpc_code_t                               0x20000118   Data           1  handle_flash.o(.data)
    res                                      0x20000119   Data           1  handle_flash.o(.data)
    br                                       0x2000011c   Data           4  handle_flash.o(.data)
    wData1                                   0x20000120   Data         150  handle_flash.o(.data)
    wData2                                   0x200001b6   Data         150  handle_flash.o(.data)
    wData3                                   0x2000024c   Data          20  handle_flash.o(.data)
    rData                                    0x20000260   Data        4096  handle_flash.o(.data)
    bw                                       0x20001260   Data           4  handle_flash.o(.data)
    FRopen_thread                            0x20001264   Data           4  open.o(.data)
    codeOpen_thread                          0x20001268   Data           4  open.o(.data)
    rt_interrupt_nest                        0x20001270   Data           1  irq.o(.data)
    rt_current_priority                      0x20001310   Data           1  scheduler.o(.data)
    rt_current_thread                        0x20001314   Data           4  scheduler.o(.data)
    rt_thread_ready_priority_group           0x20001318   Data           4  scheduler.o(.data)
    rt_thread_defunct                        0x2000131c   Data           8  scheduler.o(.data)
    rt_interrupt_from_thread                 0x20001334   Data           4  cpuport.o(.data)
    rt_interrupt_to_thread                   0x20001338   Data           4  cpuport.o(.data)
    rt_thread_switch_interrupt_flag          0x2000133c   Data           4  cpuport.o(.data)
    G4_GET_POINT                             0x2000134c   Data           1  g4.o(.data)
    conn_flag                                0x2000135c   Data           1  newweb.o(.data)
    webmsg_sendmq                            0x20001360   Data           4  newweb.o(.data)
    webmsg_recemb                            0x20001364   Data           4  newweb.o(.data)
    TPC_code                                 0x20001368   Data           4  newweb.o(.data)
    token                                    0x2000136c   Data          71  newweb.o(.data)
    auth_key                                 0x200013b3   Data          16  newweb.o(.data)
    webmsgsend_th                            0x200013c4   Data           4  newweb.o(.data)
    webmsgrece_th                            0x200013c8   Data           4  newweb.o(.data)
    __stdout                                 0x200013cc   Data           4  stdout.o(.data)
    USART_RX_BUF                             0x2000b3d4   Data         200  bsp_usart.o(.bss)
    USART2_RX_BUF                            0x2000b49c   Data         400  usart2.o(.bss)
    USART2_TX_BUF                            0x2000b62c   Data         400  usart2.o(.bss)
    AS608Para                                0x2000b7bc   Data          12  handle_as608.o(.bss)
    password                                 0x2000b7c8   Data         100  handle_code.o(.bss)
    openinig_password                        0x2000b82c   Data         100  handle_code.o(.bss)
    rData1                                   0x2000b890   Data         128  handle_code.o(.bss)
    fsObject                                 0x2000b910   Data        4144  handle_flash.o(.bss)
    fp                                       0x2000c940   Data        4132  handle_flash.o(.bss)
    rt_thread_priority_table                 0x2000db84   Data         256  scheduler.o(.bss)
    G4_Fram_Record                           0x2000de84   Data         260  g4.o(.bss)
    G4_GET                                   0x2000df88   Data        4506  g4.o(.bss)
    g_KeyTable                               0x2000f122   Data         176  aes.o(.bss)
    g_AES_IV                                 0x2000f1d2   Data          16  aes.o(.bss)
    comm_key                                 0x2000f1e2   Data          16  newweb.o(.bss)
    __initial_sp                             0x2000f5f8   Data           0  startup_stm32f10x_hd.o(STACK)



==============================================================================

Memory Map of the image

  Image Entry point : 0x08000131

  Load Region LR_IROM1 (Base: 0x08000000, Size: 0x0003af64, Max: 0x00080000, ABSOLUTE, COMPRESSED[0x00039c94])

    Execution Region ER_IROM1 (Exec base: 0x08000000, Load base: 0x08000000, Size: 0x00039b90, Max: 0x00080000, ABSOLUTE)

    Exec Addr    Load Addr    Size         Type   Attr      Idx    E Section Name        Object

    0x08000000   0x08000000   0x00000130   Data   RO            3    RESET               startup_stm32f10x_hd.o
    0x08000130   0x08000130   0x00000000   Code   RO         1313  * .ARM.Collect$$$$00000000  mc_w.l(entry.o)
    0x08000130   0x08000130   0x00000004   Code   RO         1640    .ARM.Collect$$$$00000001  mc_w.l(entry2.o)
    0x08000134   0x08000134   0x00000004   Code   RO         1643    .ARM.Collect$$$$00000004  mc_w.l(entry5.o)
    0x08000138   0x08000138   0x00000000   Code   RO         1645    .ARM.Collect$$$$00000008  mc_w.l(entry7b.o)
    0x08000138   0x08000138   0x00000000   Code   RO         1647    .ARM.Collect$$$$0000000A  mc_w.l(entry8b.o)
    0x08000138   0x08000138   0x00000008   Code   RO         1648    .ARM.Collect$$$$0000000B  mc_w.l(entry9a.o)
    0x08000140   0x08000140   0x00000000   Code   RO         1650    .ARM.Collect$$$$0000000D  mc_w.l(entry10a.o)
    0x08000140   0x08000140   0x00000000   Code   RO         1652    .ARM.Collect$$$$0000000F  mc_w.l(entry11a.o)
    0x08000140   0x08000140   0x00000004   Code   RO         1641    .ARM.Collect$$$$00002712  mc_w.l(entry2.o)
    0x08000144   0x08000144   0x00000024   Code   RO            4    .text               startup_stm32f10x_hd.o
    0x08000168   0x08000168   0x00000174   Code   RO           24    .text               system_stm32f10x.o
    0x080002dc   0x080002dc   0x000000b8   Code   RO          121    .text               misc.o
    0x08000394   0x08000394   0x000000ec   Code   RO          233    .text               stm32f10x_exti.o
    0x08000480   0x08000480   0x00000298   Code   RO          269    .text               stm32f10x_gpio.o
    0x08000718   0x08000718   0x000002f4   Code   RO          317    .text               stm32f10x_rcc.o
    0x08000a0c   0x08000a0c   0x000002b4   Code   RO          355    .text               stm32f10x_spi.o
    0x08000cc0   0x08000cc0   0x00000c2a   Code   RO          367    .text               stm32f10x_tim.o
    0x080018ea   0x080018ea   0x00000002   PAD
    0x080018ec   0x080018ec   0x0000039c   Code   RO          379    .text               stm32f10x_usart.o
    0x08001c88   0x08001c88   0x000000f4   Code   RO          403    .text               board.o
    0x08001d7c   0x08001d7c   0x000002d4   Code   RO          528    .text               main.o
    0x08002050   0x08002050   0x00000068   Code   RO          569    .text               stm32f10x_it.o
    0x080020b8   0x080020b8   0x00000060   Code   RO          584    .text               bsp_led.o
    0x08002118   0x08002118   0x000001f4   Code   RO          596    .text               bsp_usart.o
    0x0800230c   0x0800230c   0x00000028   Code   RO          619    .text               bsp_key.o
    0x08002334   0x08002334   0x0000099c   Code   RO          631    .text               as608.o
    0x08002cd0   0x08002cd0   0x00000038   Code   RO          662    .text               beep.o
    0x08002d08   0x08002d08   0x00000094   Code   RO          674    .text               timer.o
    0x08002d9c   0x08002d9c   0x0000016c   Code   RO          687    .text               usart2.o
    0x08002f08   0x08002f08   0x000001d8   Code   RO          722    .text               key.o
    0x080030e0   0x080030e0   0x0000088c   Code   RO          740    .text               handle_as608.o
    0x0800396c   0x0800396c   0x00000640   Code   RO          757    .text               handle_code.o
    0x08003fac   0x08003fac   0x00000504   Code   RO          787    .text               bsp_spi_flash.o
    0x080044b0   0x080044b0   0x0000031c   Code   RO          801    .text               handle_flash.o
    0x080047cc   0x080047cc   0x00000138   Code   RO          827    .text               open.o
    0x08004904   0x08004904   0x00000054   Code   RO          847    .text               relay.o
    0x08004958   0x08004958   0x00000068   Code   RO          859    .text               clock.o
    0x080049c0   0x080049c0   0x000000b4   Code   RO          873    .text               components.o
    0x08004a74   0x08004a74   0x000000d4   Code   RO          897    .text               idle.o
    0x08004b48   0x08004b48   0x00000bee   Code   RO          915    .text               ipc.o
    0x08005736   0x08005736   0x00000002   PAD
    0x08005738   0x08005738   0x00000038   Code   RO          930    .text               irq.o
    0x08005770   0x08005770   0x00000784   Code   RO          945    .text               kservice.o
    0x08005ef4   0x08005ef4   0x000003d0   Code   RO          962    .text               mem.o
    0x080062c4   0x080062c4   0x00000160   Code   RO          998    .text               object.o
    0x08006424   0x08006424   0x00000194   Code   RO         1015    .text               scheduler.o
    0x080065b8   0x080065b8   0x00000402   Code   RO         1041    .text               thread.o
    0x080069ba   0x080069ba   0x00000002   PAD
    0x080069bc   0x080069bc   0x000002c8   Code   RO         1057    .text               timer_1.o
    0x08006c84   0x08006c84   0x000000f0   Code   RO         1074    .text               context_rvds.o
    0x08006d74   0x08006d74   0x0000024c   Code   RO         1078    .text               cpuport.o
    0x08006fc0   0x08006fc0   0x000000e4   Code   RO         1096    .text               diskio.o
    0x080070a4   0x080070a4   0x0000266c   Code   RO         1114    .text               ff.o
    0x08009710   0x08009710   0x000000a4   Code   RO         1136    .text               cc936.o
    0x080097b4   0x080097b4   0x00000760   Code   RO         1159    .text               g4.o
    0x08009f14   0x08009f14   0x0000173a   Code   RO         1179    .text               cjson.o
    0x0800b64e   0x0800b64e   0x00000002   PAD
    0x0800b650   0x0800b650   0x00000310   Code   RO         1213    .text               aes.o
    0x0800b960   0x0800b960   0x000000ca   Code   RO         1229    .text               myaes.o
    0x0800ba2a   0x0800ba2a   0x00000002   PAD
    0x0800ba2c   0x0800ba2c   0x000002ec   Code   RO         1244    .text               base64.o
    0x0800bd18   0x0800bd18   0x000000a4   Code   RO         1259    .text               crc.o
    0x0800bdbc   0x0800bdbc   0x000008a4   Code   RO         1275    .text               newweb.o
    0x0800c660   0x0800c660   0x0000000c   Code   RO         1316    .text               mc_w.l(tolower.o)
    0x0800c66c   0x0800c66c   0x00000024   Code   RO         1318    .text               mc_w.l(memcpya.o)
    0x0800c690   0x0800c690   0x00000024   Code   RO         1320    .text               mc_w.l(memseta.o)
    0x0800c6b4   0x0800c6b4   0x00000018   Code   RO         1322    .text               mc_w.l(strcat.o)
    0x0800c6cc   0x0800c6cc   0x00000024   Code   RO         1324    .text               mc_w.l(strstr.o)
    0x0800c6f0   0x0800c6f0   0x00000014   Code   RO         1326    .text               mc_w.l(strchr.o)
    0x0800c704   0x0800c704   0x0000000e   Code   RO         1328    .text               mc_w.l(strlen.o)
    0x0800c712   0x0800c712   0x0000001c   Code   RO         1330    .text               mc_w.l(strcmp.o)
    0x0800c72e   0x0800c72e   0x00000012   Code   RO         1332    .text               mc_w.l(strcpy.o)
    0x0800c740   0x0800c740   0x0000001e   Code   RO         1334    .text               mc_w.l(strncmp.o)
    0x0800c75e   0x0800c75e   0x0000014e   Code   RO         1599    .text               mf_w.l(dadd.o)
    0x0800c8ac   0x0800c8ac   0x000000e4   Code   RO         1601    .text               mf_w.l(dmul.o)
    0x0800c990   0x0800c990   0x00000022   Code   RO         1603    .text               mf_w.l(dflti.o)
    0x0800c9b2   0x0800c9b2   0x0000003e   Code   RO         1605    .text               mf_w.l(dfixi.o)
    0x0800c9f0   0x0800c9f0   0x00000026   Code   RO         1607    .text               mf_w.l(f2d.o)
    0x0800ca16   0x0800ca16   0x00000002   PAD
    0x0800ca18   0x0800ca18   0x00000030   Code   RO         1609    .text               mf_w.l(cdcmple.o)
    0x0800ca48   0x0800ca48   0x00000030   Code   RO         1611    .text               mf_w.l(cdrcmple.o)
    0x0800ca78   0x0800ca78   0x0000002c   Code   RO         1655    .text               mc_w.l(uidiv.o)
    0x0800caa4   0x0800caa4   0x00000062   Code   RO         1657    .text               mc_w.l(uldiv.o)
    0x0800cb06   0x0800cb06   0x0000001e   Code   RO         1659    .text               mc_w.l(llshl.o)
    0x0800cb24   0x0800cb24   0x00000020   Code   RO         1661    .text               mc_w.l(llushr.o)
    0x0800cb44   0x0800cb44   0x00000024   Code   RO         1663    .text               mc_w.l(llsshr.o)
    0x0800cb68   0x0800cb68   0x00000000   Code   RO         1672    .text               mc_w.l(iusefp.o)
    0x0800cb68   0x0800cb68   0x000000ba   Code   RO         1673    .text               mf_w.l(depilogue.o)
    0x0800cc22   0x0800cc22   0x000000de   Code   RO         1675    .text               mf_w.l(ddiv.o)
    0x0800cd00   0x0800cd00   0x0000002e   Code   RO         1677    .text               mf_w.l(dscalb.o)
    0x0800cd2e   0x0800cd2e   0x00000030   Code   RO         1679    .text               mf_w.l(dfixul.o)
    0x0800cd5e   0x0800cd5e   0x00000002   PAD
    0x0800cd60   0x0800cd60   0x00000024   Code   RO         1681    .text               mc_w.l(init.o)
    0x0800cd84   0x0800cd84   0x000000a2   Code   RO         1683    .text               mf_w.l(dsqrt.o)
    0x0800ce26   0x0800ce26   0x00000056   Code   RO         1693    .text               mc_w.l(__dczerorl2.o)
    0x0800ce7c   0x0800ce7c   0x00000020   Code   RO         1571    i.__0printf         mc_w.l(printfa.o)
    0x0800ce9c   0x0800ce9c   0x00000028   Code   RO         1573    i.__0sprintf        mc_w.l(printfa.o)
    0x0800cec4   0x0800cec4   0x00000024   Code   RO         1577    i.__0vsprintf       mc_w.l(printfa.o)
    0x0800cee8   0x0800cee8   0x00000028   Code   RO         1627    i.__ARM_fpclassify  m_ws.l(fpclassify.o)
    0x0800cf10   0x0800cf10   0x000000aa   Code   RO         1629    i.__kernel_poly     m_ws.l(poly.o)
    0x0800cfba   0x0800cfba   0x00000002   PAD
    0x0800cfbc   0x0800cfbc   0x00000010   Code   RO         1613    i.__mathlib_dbl_divzero  m_ws.l(dunder.o)
    0x0800cfcc   0x0800cfcc   0x00000004   Code   RO         1615    i.__mathlib_dbl_infnan2  m_ws.l(dunder.o)
    0x0800cfd0   0x0800cfd0   0x0000000c   Code   RO         1616    i.__mathlib_dbl_invalid  m_ws.l(dunder.o)
    0x0800cfdc   0x0800cfdc   0x0000000e   Code   RO         1617    i.__mathlib_dbl_overflow  m_ws.l(dunder.o)
    0x0800cfea   0x0800cfea   0x00000002   PAD
    0x0800cfec   0x0800cfec   0x00000010   Code   RO         1619    i.__mathlib_dbl_underflow  m_ws.l(dunder.o)
    0x0800cffc   0x0800cffc   0x0000000e   Code   RO         1687    i.__scatterload_copy  mc_w.l(handlers.o)
    0x0800d00a   0x0800d00a   0x00000002   Code   RO         1688    i.__scatterload_null  mc_w.l(handlers.o)
    0x0800d00c   0x0800d00c   0x0000000e   Code   RO         1689    i.__scatterload_zeroinit  mc_w.l(handlers.o)
    0x0800d01a   0x0800d01a   0x00000002   PAD
    0x0800d01c   0x0800d01c   0x0000000c   Code   RO         1667    i.__set_errno       mc_w.l(errno.o)
    0x0800d028   0x0800d028   0x00000184   Code   RO         1578    i._fp_digits        mc_w.l(printfa.o)
    0x0800d1ac   0x0800d1ac   0x000006dc   Code   RO         1579    i._printf_core      mc_w.l(printfa.o)
    0x0800d888   0x0800d888   0x00000024   Code   RO         1580    i._printf_post_padding  mc_w.l(printfa.o)
    0x0800d8ac   0x0800d8ac   0x0000002e   Code   RO         1581    i._printf_pre_padding  mc_w.l(printfa.o)
    0x0800d8da   0x0800d8da   0x0000000a   Code   RO         1583    i._sputc            mc_w.l(printfa.o)
    0x0800d8e4   0x0800d8e4   0x000000dc   Code   RO         1300    i.floor             m_ws.l(floor.o)
    0x0800d9c0   0x0800d9c0   0x000009d8   Code   RO         1304    i.pow               m_ws.l(pow.o)
    0x0800e398   0x0800e398   0x0000004c   Code   RO         1633    i.sqrt              m_ws.l(sqrt.o)
    0x0800e3e4   0x0800e3e4   0x00000122   Data   RO          947    .constdata          kservice.o
    0x0800e506   0x0800e506   0x0000003a   Data   RO         1116    .constdata          ff.o
    0x0800e540   0x0800e540   0x0002b0c0   Data   RO         1137    .constdata          cc936.o
    0x08039600   0x08039600   0x00000007   Data   RO         1180    .constdata          cjson.o
    0x08039607   0x08039607   0x00000200   Data   RO         1215    .constdata          aes.o
    0x08039807   0x08039807   0x00000042   Data   RO         1245    .constdata          base64.o
    0x08039849   0x08039849   0x00000001   PAD
    0x0803984a   0x0803984a   0x00000220   Data   RO         1261    .constdata          crc.o
    0x08039a6a   0x08039a6a   0x00000002   PAD
    0x08039a6c   0x08039a6c   0x00000064   Data   RO         1277    .constdata          newweb.o
    0x08039ad0   0x08039ad0   0x00000088   Data   RO         1305    .constdata          m_ws.l(pow.o)
    0x08039b58   0x08039b58   0x00000008   Data   RO         1631    .constdata          m_ws.l(qnan.o)
    0x08039b60   0x08039b60   0x00000004   Data   RO          874    .rti_fn.0           components.o
    0x08039b64   0x08039b64   0x00000004   Data   RO          875    .rti_fn.0.end       components.o
    0x08039b68   0x08039b68   0x00000004   Data   RO          876    .rti_fn.1.end       components.o
    0x08039b6c   0x08039b6c   0x00000004   Data   RO          877    .rti_fn.6.end       components.o
    0x08039b70   0x08039b70   0x00000020   Data   RO         1685    Region$$Table       anon$$obj.o


    Execution Region RW_IRAM1 (Exec base: 0x20000000, Load base: 0x08039b90, Size: 0x0000f5f8, Max: 0x00010000, ABSOLUTE, COMPRESSED[0x00000104])

    Exec Addr    Load Addr    Size         Type   Attr      Idx    E Section Name        Object

    0x20000000   COMPRESSED   0x00000014   Data   RW           25    .data               system_stm32f10x.o
    0x20000014   COMPRESSED   0x00000014   Data   RW          318    .data               stm32f10x_rcc.o
    0x20000028   COMPRESSED   0x00000002   Data   RW          598    .data               bsp_usart.o
    0x2000002a   COMPRESSED   0x00000002   PAD
    0x2000002c   COMPRESSED   0x00000004   Data   RW          632    .data               as608.o
    0x20000030   COMPRESSED   0x00000002   Data   RW          689    .data               usart2.o
    0x20000032   COMPRESSED   0x00000002   PAD
    0x20000034   COMPRESSED   0x00000004   Data   RW          742    .data               handle_as608.o
    0x20000038   COMPRESSED   0x00000008   Data   RW          743    .data               handle_as608.o
    0x20000040   COMPRESSED   0x000000d4   Data   RW          759    .data               handle_code.o
    0x20000114   COMPRESSED   0x00000004   Data   RW          788    .data               bsp_spi_flash.o
    0x20000118   COMPRESSED   0x00000148   Data   RW          803    .data               handle_flash.o
    0x20000260   COMPRESSED   0x00001000   Data   RW          804    .data               handle_flash.o
    0x20001260   COMPRESSED   0x00000004   Data   RW          805    .data               handle_flash.o
    0x20001264   COMPRESSED   0x00000004   Data   RW          828    .data               open.o
    0x20001268   COMPRESSED   0x00000004   Data   RW          829    .data               open.o
    0x2000126c   COMPRESSED   0x00000004   Data   RW          860    .data               clock.o
    0x20001270   COMPRESSED   0x00000001   Data   RW          931    .data               irq.o
    0x20001271   COMPRESSED   0x00000003   PAD
    0x20001274   COMPRESSED   0x00000004   Data   RW          948    .data               kservice.o
    0x20001278   COMPRESSED   0x00000018   Data   RW          964    .data               mem.o
    0x20001290   COMPRESSED   0x00000080   Data   RW          999    .data               object.o
    0x20001310   COMPRESSED   0x00000014   Data   RW         1017    .data               scheduler.o
    0x20001324   COMPRESSED   0x0000000c   Data   RW         1058    .data               timer_1.o
    0x20001330   COMPRESSED   0x00000004   Data   RW         1079    .data               cpuport.o
    0x20001334   COMPRESSED   0x00000004   Data   RW         1080    .data               cpuport.o
    0x20001338   COMPRESSED   0x00000004   Data   RW         1081    .data               cpuport.o
    0x2000133c   COMPRESSED   0x00000004   Data   RW         1082    .data               cpuport.o
    0x20001340   COMPRESSED   0x0000000c   Data   RW         1117    .data               ff.o
    0x2000134c   COMPRESSED   0x00000004   Data   RW         1162    .data               g4.o
    0x20001350   COMPRESSED   0x0000000c   Data   RW         1181    .data               cjson.o
    0x2000135c   COMPRESSED   0x00000067   Data   RW         1278    .data               newweb.o
    0x200013c3   COMPRESSED   0x00000001   PAD
    0x200013c4   COMPRESSED   0x00000004   Data   RW         1279    .data               newweb.o
    0x200013c8   COMPRESSED   0x00000004   Data   RW         1280    .data               newweb.o
    0x200013cc   COMPRESSED   0x00000004   Data   RW         1654    .data               mc_w.l(stdout.o)
    0x200013d0   COMPRESSED   0x00000004   Data   RW         1668    .data               mc_w.l(errno.o)
    0x200013d4        -       0x0000a000   Zero   RW          404    .bss                board.o
    0x2000b3d4        -       0x000000c8   Zero   RW          597    .bss                bsp_usart.o
    0x2000b49c        -       0x00000320   Zero   RW          688    .bss                usart2.o
    0x2000b7bc        -       0x0000000c   Zero   RW          741    .bss                handle_as608.o
    0x2000b7c8        -       0x00000148   Zero   RW          758    .bss                handle_code.o
    0x2000b910        -       0x00002054   Zero   RW          802    .bss                handle_flash.o
    0x2000d964        -       0x00000180   Zero   RW          898    .bss                idle.o
    0x2000dae4        -       0x00000080   Zero   RW          946    .bss                kservice.o
    0x2000db64        -       0x00000020   Zero   RW          963    .bss                mem.o
    0x2000db84        -       0x00000100   Zero   RW         1016    .bss                scheduler.o
    0x2000dc84        -       0x00000200   Zero   RW         1115    .bss                ff.o
    0x2000de84        -       0x0000129e   Zero   RW         1160    .bss                g4.o
    0x2000f122        -       0x000000c0   Zero   RW         1214    .bss                aes.o
    0x2000f1e2        -       0x00000010   Zero   RW         1276    .bss                newweb.o
    0x2000f1f2   COMPRESSED   0x00000006   PAD
    0x2000f1f8        -       0x00000400   Zero   RW            1    STACK               startup_stm32f10x_hd.o


==============================================================================

Image component sizes


      Code (inc. data)   RO Data    RW Data    ZI Data      Debug   Object Name

       784         18        512          0        192       4971   aes.o
      2460        656          0          4          0      10310   as608.o
       748          4         66          0          0       3631   base64.o
        56          6          0          0          0        504   beep.o
       244         20          0          0      40960      26878   board.o
        40          0          0          0          0       1047   bsp_key.o
        96          4          0          0          0        526   bsp_led.o
      1284        124          0          4          0       5700   bsp_spi_flash.o
       500         18          0          2        200       4480   bsp_usart.o
       164         18     176320          0          0       2329   cc936.o
      5946        178          7         12          0      27112   cjson.o
       104          4          0          4          0       1544   clock.o
       180         20         16          0          0       2566   components.o
       240         26          0          0          0        776   context_rvds.o
         0          0          0          0          0       4508   core_cm3.o
       588        340          0         16          0       3155   cpuport.o
       164         10        544          0          0       1958   crc.o
       228          4          0          0          0       4042   diskio.o
      9836        134         58         12        512      35794   ff.o
      1888        284          0          4       4766       9381   g4.o
      2188        936          0         12         12       4791   handle_as608.o
      1600        590          0        212        328       6289   handle_code.o
       796        380          0       4428       8276       2036   handle_flash.o
       212         20          0          0        384       4234   idle.o
      3054          0          0          0          0      19691   ipc.o
        56          6          0          1          0       1406   irq.o
       472         22          0          0          0       1495   key.o
      1924        152        290          4        128      11152   kservice.o
       724        476          0          0          0       2067   main.o
       976        152          0         24         32       4300   mem.o
       184         12          0          0          0       1933   misc.o
       202          0          0          0          0       2174   myaes.o
      2212        630        100        111         16       4618   newweb.o
       352          4          0        128          0       6071   object.o
       312        120          0          8          0       1042   open.o
        84          4          0          0          0        517   relay.o
       404         12          0         20        256       5820   scheduler.o
        36          8        304          0       1024        848   startup_stm32f10x_hd.o
       236         10          0          0          0       2419   stm32f10x_exti.o
       664         36          0          0          0       6217   stm32f10x_gpio.o
       104         34          0          0          0        511   stm32f10x_it.o
       756         32          0         20          0       9336   stm32f10x_rcc.o
       692         12          0          0          0       7154   stm32f10x_spi.o
      3114         84          0          0          0      25112   stm32f10x_tim.o
       924         20          0          0          0       9176   stm32f10x_usart.o
       372         34          0         20          0     259283   system_stm32f10x.o
      1026         12          0          0          0       8869   thread.o
       148         10          0          0          0        836   timer.o
       712          4          0         12          0       7665   timer_1.o
       364         28          0          2        800       2042   usart2.o

    ----------------------------------------------------------------------
     50460       5708     178252       5068      57892     570316   Object Totals
         0          0         32          0          0          0   (incl. Generated)
        10          0          3          8          6          0   (incl. Padding)

    ----------------------------------------------------------------------

      Code (inc. data)   RO Data    RW Data    ZI Data      Debug   Library Member Name

        62         10          0          0          0        340   dunder.o
       220         16          0          0          0         84   floor.o
        40          0          0          0          0         68   fpclassify.o
       170          0          0          0          0         96   poly.o
      2520        190        136          0          0        324   pow.o
         0          0          8          0          0          0   qnan.o
        76          0          0          0          0         84   sqrt.o
        86          0          0          0          0          0   __dczerorl2.o
         0          0          0          0          0          0   entry.o
         0          0          0          0          0          0   entry10a.o
         0          0          0          0          0          0   entry11a.o
         8          4          0          0          0          0   entry2.o
         4          0          0          0          0          0   entry5.o
         0          0          0          0          0          0   entry7b.o
         0          0          0          0          0          0   entry8b.o
         8          4          0          0          0          0   entry9a.o
        12          6          0          4          0         68   errno.o
        30          0          0          0          0          0   handlers.o
        36          8          0          0          0         68   init.o
         0          0          0          0          0          0   iusefp.o
        30          0          0          0          0         68   llshl.o
        36          0          0          0          0         68   llsshr.o
        32          0          0          0          0         68   llushr.o
        36          0          0          0          0         68   memcpya.o
        36          0          0          0          0        108   memseta.o
      2344        102          0          0          0        684   printfa.o
         0          0          0          4          0          0   stdout.o
        24          0          0          0          0         68   strcat.o
        20          0          0          0          0         68   strchr.o
        28          0          0          0          0         76   strcmp.o
        18          0          0          0          0         68   strcpy.o
        14          0          0          0          0         68   strlen.o
        30          0          0          0          0         80   strncmp.o
        36          0          0          0          0         80   strstr.o
        12          0          0          0          0         68   tolower.o
        44          0          0          0          0         80   uidiv.o
        98          0          0          0          0         92   uldiv.o
        48          0          0          0          0         68   cdcmple.o
        48          0          0          0          0         68   cdrcmple.o
       334          0          0          0          0        148   dadd.o
       222          0          0          0          0        100   ddiv.o
       186          0          0          0          0        176   depilogue.o
        62          0          0          0          0         80   dfixi.o
        48          0          0          0          0         68   dfixul.o
        34          0          0          0          0         76   dflti.o
       228          0          0          0          0         96   dmul.o
        46          0          0          0          0         80   dscalb.o
       162          0          0          0          0        100   dsqrt.o
        38          0          0          0          0         68   f2d.o

    ----------------------------------------------------------------------
      7576        340        144          8          0       4072   Library Totals
        10          0          0          0          0          0   (incl. Padding)

    ----------------------------------------------------------------------

      Code (inc. data)   RO Data    RW Data    ZI Data      Debug   Library Name

      3088        216        144          0          0        996   m_ws.l
      3022        124          0          8          0       1948   mc_w.l
      1456          0          0          0          0       1128   mf_w.l

    ----------------------------------------------------------------------
      7576        340        144          8          0       4072   Library Totals

    ----------------------------------------------------------------------

==============================================================================


      Code (inc. data)   RO Data    RW Data    ZI Data      Debug   

     58036       6048     178396       5076      57892     567808   Grand Totals
     58036       6048     178396        260      57892     567808   ELF Image Totals (compressed)
     58036       6048     178396        260          0          0   ROM Totals

==============================================================================

    Total RO  Size (Code + RO Data)               236432 ( 230.89kB)
    Total RW  Size (RW Data + ZI Data)             62968 (  61.49kB)
    Total ROM Size (Code + RO Data + RW Data)     236692 ( 231.14kB)

==============================================================================

